ASxxxx Linker V03.00/V05.40 + sdld,  page 1.
Hexadecimal  [32-Bits]

Area                                    Addr        Size        Decimal Bytes (Attributes)
--------------------------------        ----        ----        ------- ----- ------------
.  .ABS.                            00000000    00000000 =           0. bytes (ABS,CON)

      Value  Global                              Global Defined In Module
      -----  --------------------------------   ------------------------
     00000000  .__.ABS.                           
     00000000  _rRAMG                             
     00000000  l__BASE                         
     00000000  l__BSS                          
     00000000  l__CABS                         
     00000000  l__CODE_0                       
     00000000  l__CRASH_HEADER                 
     00000000  l__CRASH_SCRATCH                
     00000000  l__DABS                         
     00000000  l__HEADER                       
     00000000  l__HEADER_LCD                   
     00000000  l__HEADER_SIO                   
     00000000  l__HEADER_TIMER                 
     00000000  l__HEAP                         
     00000000  l__HEAP_END                     
     00000000  l__HRAM                         
     00000000  l__LIT                          
     00000000  s__CABS                         
     00000000  s__CRASH_HEADER                 
     00000000  s__CRASH_HEADER0                
     00000000  s__CRASH_HEADER1                
     00000000  s__CRASH_SCRATCH                
     00000000  s__CRASH_SCRATCH2               
     00000000  s__DABS                         
     00000000  s__HEADER                       
     00000000  s__HEADER0                      
     00000000  s__HEADER1                      
     00000000  s__HEADER10                     
     00000000  s__HEADER11                     
     00000000  s__HEADER2                      
     00000000  s__HEADER3                      
     00000000  s__HEADER4                      
     00000000  s__HEADER5                      
     00000000  s__HEADER6                      
     00000000  s__HEADER7                      
     00000000  s__HEADER8                      
     00000000  s__HEADER9                      
     00000000  s__HEADER_LCD                   
     00000000  s__HEADER_LCD0                  
     00000000  s__HEADER_SIO                   
     00000000  s__HEADER_SIO0                  
     00000000  s__HEADER_TIMER                 
     00000000  s__HEADER_TIMER0                
     00000000  s__HEADERa                      
     00000000  s__HEADERb                      
     00000000  s__HEADERc                      
     00000000  s__HEADERd                      
     00000000  s__HEADERe                      
     00000000  s__HEADERf                      
     00000000  s__HRAM                         
ASxxxx Linker V03.00/V05.40 + sdld,  page 2.
Hexadecimal  [32-Bits]

Area                                    Addr        Size        Decimal Bytes (Attributes)
--------------------------------        ----        ----        ------- ----- ------------
.  .ABS.                            00000000    00000000 =           0. bytes (ABS,CON)

      Value  Global                              Global Defined In Module
      -----  --------------------------------   ------------------------
     00000000  s__HRAM12                       
     00000001  ___bank_VM_SGB                     vm_sgb
     00000001  ___bank_font_condensed             font_condensed
     00000001  ___bank_scene_0_sprites            scene_0_sprites
     00000001  ___bank_script_input_151           script_input_151
     00000001  ___bank_sound_treasure_wav         sound_treasure_wav
     00000001  b_ui_draw_frame                    ui
     00000001  b_ui_draw_text_buffer_char         ui
     00000001  b_ui_init                          ui
     00000001  b_ui_load_tiles                    ui
     00000001  b_ui_run_menu                      ui
     00000001  b_ui_run_modal                     ui
     00000001  b_ui_set_start_tile                ui
     00000001  l__GSFINAL                      
     00000001  l__HEADER0                      
     00000001  l__HEADER5                      
     00000001  l__HEADERa                      
     00000001  l__HEADERb                      
     00000001  l__HEADERc                      
     00000001  l__HEADERe                      
     00000001  l__HEADERf                      
     00000002  ___bank_scene_10_sprites           scene_10_sprites
     00000002  ___bank_script_input               script_input
     00000002  ___bank_sound_boss_jumpscare_wav   sound_boss_jumpscare_wav
     00000002  b_trigger_activate_at              trigger
     00000002  b_trigger_activate_at_intersecti   trigger
     00000002  b_trigger_at_intersection          trigger
     00000002  b_trigger_at_tile                  trigger
     00000002  b_trigger_interact                 trigger
     00000002  b_trigger_reset                    trigger
     00000002  l__HEADER10                     
     00000002  l__HEADER6                      
     00000002  l__HEADERd                      
     00000003  ___bank_bg_bathroom_b_tileset      bg_bathroom_b_tileset
     00000003  ___bank_scene_36_init              scene_36_init
     00000003  b_assign_state_script              platform
     00000003  b_basic_anim                       platform
     00000003  b_clear_state_script               platform
     00000003  b_dash_init_switch                 platform
     00000003  b_drop_press                       platform
     00000003  b_ladder_check                     platform
     00000003  b_ladder_switch                    platform
     00000003  b_platform_init                    platform
     00000003  b_platform_update                  platform
     00000003  b_wall_check                       platform
     00000003  l__HEADER9                      
     00000003  l__HEADER_LCD0                  
     00000003  l__HRAM12                       
     00000004  ___bank_bg_choice_b_tilemap_attr   bg_choice_b_tilemap_attr
     00000004  ___bank_sound_game_over_wav        sound_game_over_wav
     00000004  ___bank_trigger_3_interact         trigger_3_interact
ASxxxx Linker V03.00/V05.40 + sdld,  page 3.
Hexadecimal  [32-Bits]

Area                                    Addr        Size        Decimal Bytes (Attributes)
--------------------------------        ----        ----        ------- ----- ------------
.  .ABS.                            00000000    00000000 =           0. bytes (ABS,CON)

      Value  Global                              Global Defined In Module
      -----  --------------------------------   ------------------------
     00000004  ___mute_mask_sound_boss_jumpscar   sound_boss_jumpscare_wav
     00000004  ___mute_mask_sound_game_over_wav   sound_game_over_wav
     00000004  ___mute_mask_sound_scream1_wav     sound_scream1_wav
     00000004  ___mute_mask_sound_scream2_wav     sound_scream2_wav
     00000004  ___mute_mask_sound_treasure_wav    sound_treasure_wav
     00000004  ___mute_mask_sound_type1_wav       sound_type1_wav
     00000004  l__CRASH_HEADER1                
     00000004  l__HEADER_SIO0                  
     00000004  l__HEADER_TIMER0                
     00000005  ___bank_bg_bathroom_b              bg_bathroom_b
     00000005  ___bank_bg_tunnel_tileset          bg_tunnel_tileset
     00000005  ___bank_song_bs_cyb_city_night_D   song_bs_cyb_city_night_Data
     00000005  ___bank_song_bs_cyb_corporate_es   song_bs_cyb_corporate_espio_
     00000005  l__CRASH_HEADER0                
     00000005  l__HEADER1                      
     00000006  ___bank_bg_locker_inside_tiles     bg_locker_inside_tiles
     00000006  ___bank_script_input_50            script_input_50
     00000006  ___bank_song_bs_cyb_new_hero_fas   song_bs_cyb_new_hero_faster_
     00000006  ___bank_song_bz_cozy_midnight_st   song_bz_cozy_midnight_study_
     00000006  l__HEADER8                      
     00000007  ___bank_ACTOR                      actor
     00000007  ___bank_VM_MUSIC                   vm_music
     00000007  ___bank_scene_23_sprites           scene_23_sprites
     00000007  ___bank_song_bs_cyb_back_alley_D   song_bs_cyb_back_alley_Data
     00000007  ___bank_tileset_vending_button_t   tileset_vending_button_tile
     00000007  b_activate_actor                   actor
     00000007  b_activate_actors_in_col           actor
     00000007  b_activate_actors_in_row           actor
     00000007  b_actor_at_tile                    actor
     00000007  b_actor_get_frame_offset           actor
     00000007  b_actor_in_front_of_player         actor
     00000007  b_actor_overlapping_bb             actor
     00000007  b_actor_overlapping_player         actor
     00000007  b_actor_set_anim_idle              actor
     00000007  b_actor_set_anim_moving            actor
     00000007  b_actor_set_dir                    actor
     00000007  b_actor_set_frame_offset           actor
     00000007  b_actor_set_frames                 actor
     00000007  b_actors_handle_player_collision   actor
     00000007  b_actors_init                      actor
     00000007  b_check_collision_in_direction     actor
     00000007  b_deactivate_actor                 actor
     00000007  b_player_init                      actor
     00000007  b_vm_music_mute                    vm_music
     00000007  b_vm_music_play                    vm_music
     00000007  b_vm_music_routine                 vm_music
     00000007  b_vm_music_setpos                  vm_music
     00000007  b_vm_music_stop                    vm_music
     00000007  b_vm_sfx_play                      vm_music
     00000007  b_vm_sound_mastervol               vm_music
     00000007  l__HEADER2                      
ASxxxx Linker V03.00/V05.40 + sdld,  page 4.
Hexadecimal  [32-Bits]

Area                                    Addr        Size        Decimal Bytes (Attributes)
--------------------------------        ----        ----        ------- ----- ------------
.  .ABS.                            00000000    00000000 =           0. bytes (ABS,CON)

      Value  Global                              Global Defined In Module
      -----  --------------------------------   ------------------------
     00000008  ___bank_VM_ACTOR                   vm_actor
     00000008  ___bank_scene_1_init               scene_1_init
     00000008  ___bank_scene_38_init              scene_38_init
     00000008  ___bank_song_bs_cyb_surfing_the_   song_bs_cyb_surfing_the_net_
     00000008  ___bank_song_bz_cozy_midnight_st   song_bz_cozy_midnight_study_
     00000008  ___mute_mask_sound_legacy_0        sound_legacy_0
     00000008  ___mute_mask_sound_legacy_0_0      sound_legacy_0_0
     00000008  ___mute_mask_sound_legacy_0_1      sound_legacy_0_1
     00000008  ___mute_mask_sound_legacy_0_2      sound_legacy_0_2
     00000008  ___mute_mask_sound_legacy_0_3      sound_legacy_0_3
     00000008  ___mute_mask_sound_legacy_0_4      sound_legacy_0_4
     00000008  b_vm_actor_activate                vm_actor
     00000008  b_vm_actor_begin_update            vm_actor
     00000008  b_vm_actor_deactivate              vm_actor
     00000008  b_vm_actor_emote                   vm_actor
     00000008  b_vm_actor_get_angle               vm_actor
     00000008  b_vm_actor_get_anim_frame          vm_actor
     00000008  b_vm_actor_get_dir                 vm_actor
     00000008  b_vm_actor_get_pos                 vm_actor
     00000008  b_vm_actor_move_cancel             vm_actor
     00000008  b_vm_actor_move_to                 vm_actor
     00000008  b_vm_actor_replace_tile            vm_actor
     00000008  b_vm_actor_set_anim                vm_actor
     00000008  b_vm_actor_set_anim_frame          vm_actor
     00000008  b_vm_actor_set_anim_set            vm_actor
     00000008  b_vm_actor_set_anim_tick           vm_actor
     00000008  b_vm_actor_set_bounds              vm_actor
     00000008  b_vm_actor_set_dir                 vm_actor
     00000008  b_vm_actor_set_flags               vm_actor
     00000008  b_vm_actor_set_move_speed          vm_actor
     00000008  b_vm_actor_set_pos                 vm_actor
     00000008  b_vm_actor_set_spritesheet         vm_actor
     00000008  b_vm_actor_set_spritesheet_by_re   vm_actor
     00000008  b_vm_actor_terminate_update        vm_actor
     00000008  l__HEADER3                      
     00000009  ___bank_VM_MAIN                    vm
     00000009  ___bank_actor_10_update            actor_10_update
     00000009  ___bank_bg_choice_b_tilemap        bg_choice_b_tilemap
     00000009  ___bank_scene_3_init               scene_3_init
     00000009  ___bank_song_big_explosion_Data    song_big_explosion_Data
     00000009  ___bank_song_bs_cyb_server_room_   song_bs_cyb_server_room_Data
     00000009  b_script_detach_hthread            vm
     00000009  b_script_execute                   vm
     00000009  b_script_runner_init               vm
     00000009  b_script_terminate                 vm
     00000009  b_vm_call                          vm
     00000009  b_vm_call_far                      vm
     00000009  b_vm_get_indirect                  vm
     00000009  b_vm_get_tlocal                    vm
     00000009  b_vm_idle                          vm
     00000009  b_vm_if                            vm
ASxxxx Linker V03.00/V05.40 + sdld,  page 5.
Hexadecimal  [32-Bits]

Area                                    Addr        Size        Decimal Bytes (Attributes)
--------------------------------        ----        ----        ------- ----- ------------
.  .ABS.                            00000000    00000000 =           0. bytes (ABS,CON)

      Value  Global                              Global Defined In Module
      -----  --------------------------------   ------------------------
     00000009  b_vm_if_const                      vm
     00000009  b_vm_init_rng                      vm
     00000009  b_vm_invoke                        vm
     00000009  b_vm_join                          vm
     00000009  b_vm_jump                          vm
     00000009  b_vm_lock                          vm
     00000009  b_vm_loop                          vm
     00000009  b_vm_memcpy                        vm
     00000009  b_vm_memset                        vm
     00000009  b_vm_poll_loaded                   vm
     00000009  b_vm_pop                           vm
     00000009  b_vm_push                          vm
     00000009  b_vm_push_reference                vm
     00000009  b_vm_push_value                    vm
     00000009  b_vm_push_value_ind                vm
     00000009  b_vm_raise                         vm
     00000009  b_vm_rand                          vm
     00000009  b_vm_reserve                       vm
     00000009  b_vm_ret                           vm
     00000009  b_vm_ret_far                       vm
     00000009  b_vm_set                           vm
     00000009  b_vm_set_const                     vm
     00000009  b_vm_set_indirect                  vm
     00000009  b_vm_terminate                     vm
     00000009  b_vm_test_terminate                vm
     00000009  b_vm_unlock                        vm
     00000009  b_wait_frames                      vm
     0000000A  ___bank_bg_choice_tilemap          bg_choice_tilemap
     0000000A  ___bank_bg_choice_tilemap_attr     bg_choice_tilemap_attr
     0000000A  ___bank_scene_36_collisions        scene_36_collisions
     0000000A  ___bank_scene_37_collisions        scene_37_collisions
     0000000A  ___bank_script_input_11            script_input_11
     0000000A  ___bank_song_sr388_quake_Data      song_sr388_quake_Data
     0000000A  b_do_load_palette                  data_manager
     0000000A  b_load_background                  data_manager
     0000000A  b_load_bkg_tileset                 data_manager
     0000000A  b_load_bounds                      data_manager
     0000000A  b_load_emote                       data_manager
     0000000A  b_load_init                        data_manager
     0000000A  b_load_player                      data_manager
     0000000A  b_load_scene                       data_manager
     0000000A  b_load_sprite                      data_manager
     0000000B  ___bank_bg_cubicle_b_cgb_tileset   bg_cubicle_b_cgb_tileset
     0000000B  ___bank_bg_final_boss_tilemap      bg_final_boss_tilemap
     0000000B  ___bank_bg_final_boss_tilemap_at   bg_final_boss_tilemap_attr
     0000000B  ___bank_bg_storage_room_tileset    bg_storage_room_tileset
     0000000B  ___bank_bg_tunnel_cgb_tileset      bg_tunnel_cgb_tileset
     0000000B  ___bank_scene_41_collisions        scene_41_collisions
     0000000B  ___bank_scene_42_collisions        scene_42_collisions
     0000000B  ___bank_trigger_11_interact        trigger_11_interact
     0000000C  ___bank_VM_GAMEBOY                 vm_gameboy
ASxxxx Linker V03.00/V05.40 + sdld,  page 6.
Hexadecimal  [32-Bits]

Area                                    Addr        Size        Decimal Bytes (Attributes)
--------------------------------        ----        ----        ------- ----- ------------
.  .ABS.                            00000000    00000000 =           0. bytes (ABS,CON)

      Value  Global                              Global Defined In Module
      -----  --------------------------------   ------------------------
     0000000C  ___bank_bg_bathroom_tileset        bg_bathroom_tileset
     0000000C  ___bank_bg_boss_office_b_tileset   bg_boss_office_b_tileset
     0000000C  ___bank_bg_boss_office_c_tileset   bg_boss_office_c_tileset
     0000000C  ___bank_bg_boss_office_tileset     bg_boss_office_tileset
     0000000C  ___bank_bg_cubicle_b_tileset       bg_cubicle_b_tileset
     0000000C  ___bank_bg_cubicle_c_cgb_tileset   bg_cubicle_c_cgb_tileset
     0000000C  ___bank_bg_cubicle_c_tileset       bg_cubicle_c_tileset
     0000000C  ___bank_cursor_image               cursor_image
     0000000C  b_vm_context_prepare               vm_gameboy
     0000000C  b_vm_fade                          vm_gameboy
     0000000C  b_vm_get_tile_xy                   vm_gameboy
     0000000C  b_vm_input_attach                  vm_gameboy
     0000000C  b_vm_input_detach                  vm_gameboy
     0000000C  b_vm_input_get                     vm_gameboy
     0000000C  b_vm_input_wait                    vm_gameboy
     0000000C  b_vm_load_tileset                  vm_gameboy
     0000000C  b_vm_poll                          vm_gameboy
     0000000C  b_vm_replace_tile                  vm_gameboy
     0000000C  b_vm_replace_tile_xy               vm_gameboy
     0000000C  b_vm_rumble                        vm_gameboy
     0000000C  b_vm_set_sprite_mode               vm_gameboy
     0000000C  b_vm_set_sprites_visible           vm_gameboy
     0000000C  b_vm_timer_prepare                 vm_gameboy
     0000000C  b_vm_timer_reset                   vm_gameboy
     0000000C  b_vm_timer_set                     vm_gameboy
     0000000C  b_vm_timer_stop                    vm_gameboy
     0000000D  ___bank_bg_break_start_tileset     bg_break_start_tileset
     0000000D  ___bank_bg_breakroom_b_tileset     bg_breakroom_b_tileset
     0000000D  ___bank_bg_breakroom_tileset       bg_breakroom_tileset
     0000000D  ___bank_bg_choice_b_tileset        bg_choice_b_tileset
     0000000D  ___bank_bg_choice_tileset          bg_choice_tileset
     0000000D  ___bank_bg_cubicle_tileset         bg_cubicle_tileset
     0000000D  ___bank_bg_final_boss_tileset      bg_final_boss_tileset
     0000000D  ___bank_bg_locker_inside_tileset   bg_locker_inside_tileset
     0000000E  ___bank_VM_UI                      vm_ui
     0000000E  ___bank_bg_final_escape_2_tilese   bg_final_escape_2_tileset
     0000000E  ___bank_bg_jumpscare_tileset       bg_jumpscare_tileset
     0000000E  ___bank_bg_outside_tileset         bg_outside_tileset
     0000000E  ___bank_bg_secret_zone_1_tileset   bg_secret_zone_1_tileset
     0000000E  ___bank_bg_work_start_tileset      bg_work_start_tileset
     0000000E  ___bank_sprite_player_larry_tile   sprite_player_larry_tileset
     0000000E  ___bank_trigger_81_interact        trigger_81_interact
     0000000E  b_scroll_init                      scroll
     0000000E  b_scroll_repaint                   scroll
     0000000E  b_scroll_reset                     scroll
     0000000E  b_scroll_update                    scroll
     0000000E  b_topdown_init                     topdown
     0000000E  b_topdown_update                   topdown
     0000000E  b_vm_choice                        vm_ui
     0000000E  b_vm_display_text                  vm_ui
     0000000E  b_vm_overlay_clear                 vm_ui
ASxxxx Linker V03.00/V05.40 + sdld,  page 7.
Hexadecimal  [32-Bits]

Area                                    Addr        Size        Decimal Bytes (Attributes)
--------------------------------        ----        ----        ------- ----- ------------
.  .ABS.                            00000000    00000000 =           0. bytes (ABS,CON)

      Value  Global                              Global Defined In Module
      -----  --------------------------------   ------------------------
     0000000E  b_vm_overlay_move_to               vm_ui
     0000000E  b_vm_overlay_scroll                vm_ui
     0000000E  b_vm_overlay_set_map               vm_ui
     0000000E  b_vm_overlay_set_scroll            vm_ui
     0000000E  b_vm_overlay_set_submap            vm_ui
     0000000E  b_vm_overlay_set_submap_ex         vm_ui
     0000000E  b_vm_overlay_setpos                vm_ui
     0000000E  b_vm_overlay_show                  vm_ui
     0000000E  b_vm_overlay_wait                  vm_ui
     0000000E  b_vm_set_font                      vm_ui
     0000000E  b_vm_set_text_sound                vm_ui
     0000000E  b_vm_switch_text_layer             vm_ui
     0000000F  ___bank_bg_bathroom_b_cgb_tilese   bg_bathroom_b_cgb_tileset
     0000000F  ___bank_bg_bathroom_cgb_tileset    bg_bathroom_cgb_tileset
     0000000F  ___bank_bg_boss_office_b_cgb_til   bg_boss_office_b_cgb_tileset
     0000000F  ___bank_bg_boss_office_c_cgb_til   bg_boss_office_c_cgb_tileset
     0000000F  ___bank_bg_boss_office_cgb_tiles   bg_boss_office_cgb_tileset
     0000000F  ___bank_bg_boss_warning_tileset    bg_boss_warning_tileset
     0000000F  ___bank_bg_final_escape_2_cgb_ti   bg_final_escape_2_cgb_tilese
     0000000F  ___bank_bg_locker_tileset          bg_locker_tileset
     0000000F  ___bank_sound_scream2_wav          sound_scream2_wav
     0000000F  ___bank_sprite_energy_bars_stres   sprite_energy_bars_stress
     0000000F  ___bank_sprite_player_larry        sprite_player_larry
     00000010  ___bank_actor_92_interact          actor_92_interact
     00000010  ___bank_bg_cubicle_b_tilemap       bg_cubicle_b_tilemap
     00000010  ___bank_bg_cubicle_b_tilemap_att   bg_cubicle_b_tilemap_attr
     00000010  ___bank_bg_cubicle_c_tilemap       bg_cubicle_c_tilemap
     00000010  ___bank_bg_cubicle_c_tilemap_att   bg_cubicle_c_tilemap_attr
     00000010  ___bank_bg_hallway_tileset         bg_hallway_tileset
     00000010  ___bank_bg_secret_zone_1_tilemap   bg_secret_zone_1_tilemap
     00000010  ___bank_bg_secret_zone_1_tilemap   bg_secret_zone_1_tilemap_att
     00000010  ___bank_bg_title_screen_tileset    bg_title_screen_tileset
     00000010  ___bank_palette_0                  palette_0
     00000010  ___bank_scene_15_init              scene_15_init
     00000010  ___bank_scene_38_collisions        scene_38_collisions
     00000010  b_projectile_launch                projectiles
     00000010  b_projectiles_init                 projectiles
     00000011  ___bank_bg_bathroom                bg_bathroom
     00000011  ___bank_bg_final_escape_2_tilema   bg_final_escape_2_tilemap
     00000011  ___bank_bg_final_escape_2_tilema   bg_final_escape_2_tilemap_at
     00000011  ___bank_bg_game_over_productivit   bg_game_over_productivity_ti
     00000011  ___bank_bg_lost_n_found_tileset    bg_lost_n_found_tileset
     00000011  ___bank_scene_21_init              scene_21_init
     00000011  ___bank_scene_25_collisions        scene_25_collisions
     00000011  ___bank_scene_25_init              scene_25_init
     00000011  ___bank_scene_26_collisions        scene_26_collisions
     00000011  ___bank_scene_27_collisions        scene_27_collisions
     00000011  ___bank_scene_29_init              scene_29_init
     00000011  ___bank_scene_37_init              scene_37_init
     00000011  ___bank_scene_4_init               scene_4_init
     00000011  ___bank_sprite_boombar             sprite_boombar
ASxxxx Linker V03.00/V05.40 + sdld,  page 8.
Hexadecimal  [32-Bits]

Area                                    Addr        Size        Decimal Bytes (Attributes)
--------------------------------        ----        ----        ------- ----- ------------
.  .ABS.                            00000000    00000000 =           0. bytes (ABS,CON)

      Value  Global                              Global Defined In Module
      -----  --------------------------------   ------------------------
     00000012  ___bank_bg_boss_hallway_tileset    bg_boss_hallway_tileset
     00000012  ___bank_bg_breakroom_b_cgb_tiles   bg_breakroom_b_cgb_tileset
     00000012  ___bank_bg_breakroom_cgb_tileset   bg_breakroom_cgb_tileset
     00000012  ___bank_bg_game_over_stress_tile   bg_game_over_stress_tileset
     00000012  ___bank_bg_hallway_b_tilemap_att   bg_hallway_b_tilemap_attr
     00000012  ___bank_bg_hallway_b_tileset       bg_hallway_b_tileset
     00000012  ___bank_bg_vending_machine_tiles   bg_vending_machine_tileset
     00000012  ___bank_scene_14_init              scene_14_init
     00000012  ___bank_scene_23_init              scene_23_init
     00000012  ___bank_scene_24_init              scene_24_init
     00000012  ___bank_scene_26_init              scene_26_init
     00000012  ___bank_scene_27_init              scene_27_init
     00000012  ___bank_scene_28_init              scene_28_init
     00000012  ___bank_scene_46_init              scene_46_init
     00000013  ___bank_VM_CAMERA                  vm_camera
     00000013  ___bank_bg_cubicle_tilemap         bg_cubicle_tilemap
     00000013  ___bank_bg_cubicle_tilemap_attr    bg_cubicle_tilemap_attr
     00000013  ___bank_bg_secret_zone_1_cgb_til   bg_secret_zone_1_cgb_tileset
     00000013  ___bank_bg_tunnel_tilemap          bg_tunnel_tilemap
     00000013  ___bank_bg_tunnel_tilemap_attr     bg_tunnel_tilemap_attr
     00000013  ___bank_bg_vents_2_tilemap         bg_vents_2_tilemap
     00000013  ___bank_bg_vents_2_tilemap_attr    bg_vents_2_tilemap_attr
     00000013  ___bank_bg_vents_tilemap           bg_vents_tilemap
     00000013  ___bank_bg_vents_tilemap_attr      bg_vents_tilemap_attr
     00000013  ___bank_scene_22_collisions        scene_22_collisions
     00000013  ___bank_scene_2_collisions         scene_2_collisions
     00000013  ___bank_scene_40_init              scene_40_init
     00000013  ___bank_scene_4_collisions         scene_4_collisions
     00000013  ___bank_sound_scream1_wav          sound_scream1_wav
     00000013  b_camera_shake_frames              vm_camera
     00000013  b_core_reset                       core
     00000013  b_core_run                         core
     00000013  b_data_clear                       load_save
     00000013  b_data_init                        load_save
     00000013  b_data_load                        load_save
     00000013  b_data_peek                        load_save
     00000013  b_data_save                        load_save
     00000013  b_scroll_rect                      
     00000013  b_vm_camera_move_to                vm_camera
     00000013  b_vm_camera_set_pos                vm_camera
     00000014  ___bank_VM_SIO                     vm_sio
     00000014  ___bank_bg_boss_office_b_tilemap   bg_boss_office_b_tilemap
     00000014  ___bank_bg_boss_office_b_tilemap   bg_boss_office_b_tilemap_att
     00000014  ___bank_bg_boss_office_c_tilemap   bg_boss_office_c_tilemap
     00000014  ___bank_bg_boss_office_c_tilemap   bg_boss_office_c_tilemap_att
     00000014  ___bank_bg_boss_office_tilemap     bg_boss_office_tilemap
     00000014  ___bank_bg_boss_office_tilemap_a   bg_boss_office_tilemap_attr
     00000014  ___bank_bg_break_start_cgb_tiles   bg_break_start_cgb_tileset
     00000014  ___bank_bg_final_escape_1_tilese   bg_final_escape_1_tileset
     00000014  ___bank_bg_vents_tileset           bg_vents_tileset
     00000014  ___bank_bg_work_start_cgb_tilese   bg_work_start_cgb_tileset
ASxxxx Linker V03.00/V05.40 + sdld,  page 9.
Hexadecimal  [32-Bits]

Area                                    Addr        Size        Decimal Bytes (Attributes)
--------------------------------        ----        ----        ------- ----- ------------
.  .ABS.                            00000000    00000000 =           0. bytes (ABS,CON)

      Value  Global                              Global Defined In Module
      -----  --------------------------------   ------------------------
     00000014  ___bank_scene_15_collisions        scene_15_collisions
     00000014  ___bank_scene_16_sprites           scene_16_sprites
     00000014  ___bank_scene_32_collisions        scene_32_collisions
     00000014  ___bank_scene_32_init              scene_32_init
     00000014  ___bank_scene_33_collisions        scene_33_collisions
     00000014  ___bank_scene_34_collisions        scene_34_collisions
     00000014  ___bank_scene_46_collisions        scene_46_collisions
     00000014  ___bank_sound_type1_wav            sound_type1_wav
     00000014  ___bank_sprite_energy_bars         sprite_energy_bars
     00000014  b___HandleCrash_banked             
     00000014  b_atan2                            math_atan2
     00000014  b_gbprinter_detect                 gbprinter
     00000014  b_gbprinter_print_overlay          gbprinter
     00000014  b_vm_sio_exchange                  vm_sio
     00000014  b_vm_sio_set_mode                  vm_sio
     00000015  ___bank_actor_0_update             actor_0_update
     00000015  ___bank_actor_2_update             actor_2_update
     00000015  ___bank_avatar_font_0              avatar_font_0
     00000015  ___bank_bg_break_start_tilemap     bg_break_start_tilemap
     00000015  ___bank_bg_break_start_tilemap_a   bg_break_start_tilemap_attr
     00000015  ___bank_bg_breakroom_b_tilemap     bg_breakroom_b_tilemap
     00000015  ___bank_bg_breakroom_b_tilemap_a   bg_breakroom_b_tilemap_attr
     00000015  ___bank_bg_breakroom_tilemap       bg_breakroom_tilemap
     00000015  ___bank_bg_breakroom_tilemap_att   bg_breakroom_tilemap_attr
     00000015  ___bank_bg_final_boss_b_tilemap    bg_final_boss_b_tilemap
     00000015  ___bank_bg_final_boss_b_tilemap_   bg_final_boss_b_tilemap_attr
     00000015  ___bank_bg_final_boss_b_tileset    bg_final_boss_b_tileset
     00000015  ___bank_bg_jumpscare_tilemap       bg_jumpscare_tilemap
     00000015  ___bank_bg_jumpscare_tilemap_att   bg_jumpscare_tilemap_attr
     00000015  ___bank_bg_vents_2_tileset         bg_vents_2_tileset
     00000015  ___bank_bg_work_start_tilemap      bg_work_start_tilemap
     00000015  ___bank_bg_work_start_tilemap_at   bg_work_start_tilemap_attr
     00000015  ___bank_scene_0_collisions         scene_0_collisions
     00000015  ___bank_scene_10_collisions        scene_10_collisions
     00000015  ___bank_scene_11_collisions        scene_11_collisions
     00000015  ___bank_scene_19_sprites           scene_19_sprites
     00000015  ___bank_scene_1_collisions         scene_1_collisions
     00000015  ___bank_scene_3_collisions         scene_3_collisions
     00000015  ___bank_scene_43_collisions        scene_43_collisions
     00000015  ___bank_scene_47_init              scene_47_init
     00000015  ___bank_scene_5_collisions         scene_5_collisions
     00000015  ___bank_script_input_39            script_input_39
     00000015  ___bank_sprite_breakbar            sprite_breakbar
     00000015  ___bank_sprite_player_larry_bank   sprite_player_larry_bank2_ti
     00000015  b_fade_applypalettechange          fade_manager
     00000015  b_fade_in                          fade_manager
     00000015  b_fade_in_modal                    fade_manager
     00000015  b_fade_init                        fade_manager
     00000015  b_fade_out                         fade_manager
     00000015  b_fade_out_modal                   fade_manager
     00000015  b_fade_setspeed                    fade_manager
ASxxxx Linker V03.00/V05.40 + sdld,  page 10.
Hexadecimal  [32-Bits]

Area                                    Addr        Size        Decimal Bytes (Attributes)
--------------------------------        ----        ----        ------- ----- ------------
.  .ABS.                            00000000    00000000 =           0. bytes (ABS,CON)

      Value  Global                              Global Defined In Module
      -----  --------------------------------   ------------------------
     00000015  b_fade_update                      fade_manager
     00000016  ___bank_VM_PALETTE                 vm_palette
     00000016  ___bank_actor_106_update           actor_106_update
     00000016  ___bank_actor_107_update           actor_107_update
     00000016  ___bank_actor_99_update            actor_99_update
     00000016  ___bank_bg_bathroom_b_tilemap      bg_bathroom_b_tilemap
     00000016  ___bank_bg_bathroom_b_tilemap_at   bg_bathroom_b_tilemap_attr
     00000016  ___bank_bg_bathroom_tilemap        bg_bathroom_tilemap
     00000016  ___bank_bg_bathroom_tilemap_attr   bg_bathroom_tilemap_attr
     00000016  ___bank_bg_boss_hallway_tilemap    bg_boss_hallway_tilemap
     00000016  ___bank_bg_boss_hallway_tilemap_   bg_boss_hallway_tilemap_attr
     00000016  ___bank_bg_caught_tileset          bg_caught_tileset
     00000016  ___bank_bg_final_boss_cgb_tilese   bg_final_boss_cgb_tileset
     00000016  ___bank_bg_hallway_b_tilemap       bg_hallway_b_tilemap
     00000016  ___bank_bg_hallway_tilemap         bg_hallway_tilemap
     00000016  ___bank_bg_hallway_tilemap_attr    bg_hallway_tilemap_attr
     00000016  ___bank_bg_jumpscare_cgb_tileset   bg_jumpscare_cgb_tileset
     00000016  ___bank_bg_outside_cgb_tileset     bg_outside_cgb_tileset
     00000016  ___bank_bg_outside_tilemap         bg_outside_tilemap
     00000016  ___bank_bg_outside_tilemap_attr    bg_outside_tilemap_attr
     00000016  ___bank_scene_14_collisions        scene_14_collisions
     00000016  ___bank_scene_17_init              scene_17_init
     00000016  ___bank_scene_18_init              scene_18_init
     00000016  ___bank_scene_21_collisions        scene_21_collisions
     00000016  ___bank_scene_23_collisions        scene_23_collisions
     00000016  ___bank_scene_24_collisions        scene_24_collisions
     00000016  ___bank_scene_29_collisions        scene_29_collisions
     00000016  ___bank_scene_2_init               scene_2_init
     00000016  ___bank_scene_39_collisions        scene_39_collisions
     00000016  ___bank_scene_3_actors             scene_3_actors
     00000016  ___bank_scene_41_actors            scene_41_actors
     00000016  ___bank_scene_41_sprites           scene_41_sprites
     00000016  ___bank_script_engine_init         
     00000016  ___bank_script_input_0             script_input_0
     00000016  ___bank_script_input_19            script_input_19
     00000016  ___bank_sprite_secret_bank2_tile   sprite_secret_bank2_tileset
     00000016  ___bank_sprite_secret_tileset      sprite_secret_tileset
     00000016  b_set_sgb_border                   sgb_border
     00000016  b_vm_load_palette                  vm_palette
     00000017  ___bank_bg_boss_warning_tilemap    bg_boss_warning_tilemap
     00000017  ___bank_bg_boss_warning_tilemap_   bg_boss_warning_tilemap_attr
     00000017  ___bank_bg_caught_tilemap          bg_caught_tilemap
     00000017  ___bank_bg_caught_tilemap_attr     bg_caught_tilemap_attr
     00000017  ___bank_bg_cubicle_cgb_tileset     bg_cubicle_cgb_tileset
     00000017  ___bank_bg_final_escape_1_tilema   bg_final_escape_1_tilemap
     00000017  ___bank_bg_final_escape_1_tilema   bg_final_escape_1_tilemap_at
     00000017  ___bank_bg_game_over_productivit   bg_game_over_productivity_ti
     00000017  ___bank_bg_game_over_productivit   bg_game_over_productivity_ti
     00000017  ___bank_bg_game_over_stress_tile   bg_game_over_stress_tilemap
     00000017  ___bank_bg_game_over_stress_tile   bg_game_over_stress_tilemap_
     00000017  ___bank_bg_intro_tilemap           bg_intro_tilemap
ASxxxx Linker V03.00/V05.40 + sdld,  page 11.
Hexadecimal  [32-Bits]

Area                                    Addr        Size        Decimal Bytes (Attributes)
--------------------------------        ----        ----        ------- ----- ------------
.  .ABS.                            00000000    00000000 =           0. bytes (ABS,CON)

      Value  Global                              Global Defined In Module
      -----  --------------------------------   ------------------------
     00000017  ___bank_bg_intro_tilemap_attr      bg_intro_tilemap_attr
     00000017  ___bank_bg_locker_inside_tilemap   bg_locker_inside_tilemap
     00000017  ___bank_bg_locker_inside_tilemap   bg_locker_inside_tilemap_att
     00000017  ___bank_bg_locker_tilemap          bg_locker_tilemap
     00000017  ___bank_bg_locker_tilemap_attr     bg_locker_tilemap_attr
     00000017  ___bank_bg_lost_n_found_tilemap    bg_lost_n_found_tilemap
     00000017  ___bank_bg_lost_n_found_tilemap_   bg_lost_n_found_tilemap_attr
     00000017  ___bank_bg_productivity_too_low_   bg_productivity_too_low_tile
     00000017  ___bank_bg_productivity_too_low_   bg_productivity_too_low_tile
     00000017  ___bank_bg_storage_room_tilemap    bg_storage_room_tilemap
     00000017  ___bank_bg_storage_room_tilemap_   bg_storage_room_tilemap_attr
     00000017  ___bank_bg_stress_too_high_tilem   bg_stress_too_high_tilemap
     00000017  ___bank_bg_stress_too_high_tilem   bg_stress_too_high_tilemap_a
     00000017  ___bank_bg_title_screen_tilemap    bg_title_screen_tilemap
     00000017  ___bank_bg_title_screen_tilemap_   bg_title_screen_tilemap_attr
     00000017  ___bank_bg_vending_machine_tilem   bg_vending_machine_tilemap
     00000017  ___bank_bg_vending_machine_tilem   bg_vending_machine_tilemap_a
     00000017  ___bank_scene_12_collisions        scene_12_collisions
     00000017  ___bank_scene_13_collisions        scene_13_collisions
     00000017  ___bank_scene_16_collisions        scene_16_collisions
     00000017  ___bank_scene_17_collisions        scene_17_collisions
     00000017  ___bank_scene_18_collisions        scene_18_collisions
     00000017  ___bank_scene_19_collisions        scene_19_collisions
     00000017  ___bank_scene_1_actors             scene_1_actors
     00000017  ___bank_scene_20_collisions        scene_20_collisions
     00000017  ___bank_scene_28_collisions        scene_28_collisions
     00000017  ___bank_scene_2_actors             scene_2_actors
     00000017  ___bank_scene_30_collisions        scene_30_collisions
     00000017  ___bank_scene_31_collisions        scene_31_collisions
     00000017  ___bank_scene_35_collisions        scene_35_collisions
     00000017  ___bank_scene_36_actors            scene_36_actors
     00000017  ___bank_scene_40_collisions        scene_40_collisions
     00000017  ___bank_script_input_28            script_input_28
     00000017  ___bank_sprite_items               sprite_items
     00000018  ___bank_VM_MATH                    vm_math
     00000018  ___bank_VM_RTC                     vm_rtc
     00000018  ___bank_actor_17_update            actor_17_update
     00000018  ___bank_actor_37_update            actor_37_update
     00000018  ___bank_actor_68_update            actor_68_update
     00000018  ___bank_actor_69_update            actor_69_update
     00000018  ___bank_actor_70_update            actor_70_update
     00000018  ___bank_actor_71_update            actor_71_update
     00000018  ___bank_actor_72_update            actor_72_update
     00000018  ___bank_actor_73_update            actor_73_update
     00000018  ___bank_actor_74_update            actor_74_update
     00000018  ___bank_actor_75_update            actor_75_update
     00000018  ___bank_actor_76_update            actor_76_update
     00000018  ___bank_actor_77_update            actor_77_update
     00000018  ___bank_actor_78_update            actor_78_update
     00000018  ___bank_actor_83_update            actor_83_update
     00000018  ___bank_actor_84_update            actor_84_update
ASxxxx Linker V03.00/V05.40 + sdld,  page 12.
Hexadecimal  [32-Bits]

Area                                    Addr        Size        Decimal Bytes (Attributes)
--------------------------------        ----        ----        ------- ----- ------------
.  .ABS.                            00000000    00000000 =           0. bytes (ABS,CON)

      Value  Global                              Global Defined In Module
      -----  --------------------------------   ------------------------
     00000018  ___bank_actor_85_update            actor_85_update
     00000018  ___bank_actor_86_update            actor_86_update
     00000018  ___bank_actor_87_update            actor_87_update
     00000018  ___bank_actor_88_update            actor_88_update
     00000018  ___bank_bg_productivity_too_low_   bg_productivity_too_low_tile
     00000018  ___bank_bg_stress_too_high_tiles   bg_stress_too_high_tileset
     00000018  ___bank_scene_15_actors            scene_15_actors
     00000018  ___bank_scene_25_actors            scene_25_actors
     00000018  ___bank_scene_26_actors            scene_26_actors
     00000018  ___bank_scene_31_init              scene_31_init
     00000018  ___bank_scene_32_actors            scene_32_actors
     00000018  ___bank_scene_37_actors            scene_37_actors
     00000018  ___bank_scene_39_init              scene_39_init
     00000018  ___bank_scene_44_collisions        scene_44_collisions
     00000018  ___bank_scene_47_collisions        scene_47_collisions
     00000018  ___bank_scene_4_actors             scene_4_actors
     00000018  ___bank_scene_6_collisions         scene_6_collisions
     00000018  ___bank_scene_6_init               scene_6_init
     00000018  ___bank_scene_7_collisions         scene_7_collisions
     00000018  ___bank_scene_8_collisions         scene_8_collisions
     00000018  ___bank_scene_9_collisions         scene_9_collisions
     00000018  ___bank_script_input_122           script_input_122
     00000018  ___bank_script_input_166           script_input_166
     00000018  ___bank_script_input_31            script_input_31
     00000018  ___bank_script_input_61            script_input_61
     00000018  ___bank_sprite_interact_button     sprite_interact_button
     00000018  ___bank_sprite_interact_button_t   sprite_interact_button_tiles
     00000018  ___bank_sprite_items_bank2_tiles   sprite_items_bank2_tileset
     00000018  ___bank_sprite_items_tileset       sprite_items_tileset
     00000018  ___bank_sprite_peekers_bank2_til   sprite_peekers_bank2_tileset
     00000018  ___bank_sprite_peekers_tileset     sprite_peekers_tileset
     00000018  ___bank_trigger_31_interact        trigger_31_interact
     00000018  ___bank_trigger_41_interact        trigger_41_interact
     00000018  ___bank_trigger_52_interact        trigger_52_interact
     00000018  ___bank_trigger_54_interact        trigger_54_interact
     00000018  b_erase_flash                      
     00000018  b_remove_LCD_ISRs                  interrupts
     00000018  b_save_sram_banks                  
     00000018  b_vm_cos_scale                     vm_math
     00000018  b_vm_rtc_get                       vm_rtc
     00000018  b_vm_rtc_latch                     vm_rtc
     00000018  b_vm_rtc_set                       vm_rtc
     00000018  b_vm_rtc_start                     vm_rtc
     00000018  b_vm_sin_scale                     vm_math
     00000018  l__INITIALIZED                  
     00000018  l__INITIALIZER                  
     00000019  ___bank_VM_GBPRINTER               vm_gbprinter
     00000019  ___bank_VM_LOAD_SAVE               vm_load_save
     00000019  ___bank_VM_PROJECTILE              vm_projectiles
     00000019  ___bank_VM_SCENE                   vm_scene
     00000019  ___bank_actor_3_interact           actor_3_interact
ASxxxx Linker V03.00/V05.40 + sdld,  page 13.
Hexadecimal  [32-Bits]

Area                                    Addr        Size        Decimal Bytes (Attributes)
--------------------------------        ----        ----        ------- ----- ------------
.  .ABS.                            00000000    00000000 =           0. bytes (ABS,CON)

      Value  Global                              Global Defined In Module
      -----  --------------------------------   ------------------------
     00000019  ___bank_actor_3_update             actor_3_update
     00000019  ___bank_actor_4_update             actor_4_update
     00000019  ___bank_actor_6_update             actor_6_update
     00000019  ___bank_actor_93_interact          actor_93_interact
     00000019  ___bank_bg_choice_cgb_tileset      bg_choice_cgb_tileset
     00000019  ___bank_frame_image                frame_image
     00000019  ___bank_scene_11_init              scene_11_init
     00000019  ___bank_scene_14_actors            scene_14_actors
     00000019  ___bank_scene_16_init              scene_16_init
     00000019  ___bank_scene_19_actors            scene_19_actors
     00000019  ___bank_scene_19_triggers          scene_19_triggers
     00000019  ___bank_scene_1_sprites            scene_1_sprites
     00000019  ___bank_scene_20_init              scene_20_init
     00000019  ___bank_scene_21_actors            scene_21_actors
     00000019  ___bank_scene_22_init              scene_22_init
     00000019  ___bank_scene_23_actors            scene_23_actors
     00000019  ___bank_scene_24_actors            scene_24_actors
     00000019  ___bank_scene_27_actors            scene_27_actors
     00000019  ___bank_scene_28_actors            scene_28_actors
     00000019  ___bank_scene_29_actors            scene_29_actors
     00000019  ___bank_scene_33_actors            scene_33_actors
     00000019  ___bank_scene_34_actors            scene_34_actors
     00000019  ___bank_scene_41_init              scene_41_init
     00000019  ___bank_scene_42_actors            scene_42_actors
     00000019  ___bank_scene_43_actors            scene_43_actors
     00000019  ___bank_scene_43_init              scene_43_init
     00000019  ___bank_scene_44_init              scene_44_init
     00000019  ___bank_scene_46_actors            scene_46_actors
     00000019  ___bank_scene_5_init               scene_5_init
     00000019  ___bank_scene_7_init               scene_7_init
     00000019  ___bank_scene_8_init               scene_8_init
     00000019  ___bank_scene_9_init               scene_9_init
     00000019  ___bank_script_1                   script_1
     00000019  ___bank_script_2                   script_2
     00000019  ___bank_script_input_1             script_input_1
     00000019  ___bank_script_input_12            script_input_12
     00000019  ___bank_script_input_120           script_input_120
     00000019  ___bank_script_input_131           script_input_131
     00000019  ___bank_script_input_25            script_input_25
     00000019  ___bank_script_input_36            script_input_36
     00000019  ___bank_script_input_37            script_input_37
     00000019  ___bank_script_input_38            script_input_38
     00000019  ___bank_script_input_41            script_input_41
     00000019  ___bank_script_input_5             script_input_5
     00000019  ___bank_script_input_53            script_input_53
     00000019  ___bank_script_input_60            script_input_60
     00000019  ___bank_script_input_73            script_input_73
     00000019  ___bank_script_input_76            script_input_76
     00000019  ___bank_script_input_8             script_input_8
     00000019  ___bank_script_input_84            script_input_84
     00000019  ___bank_script_timer               script_timer
ASxxxx Linker V03.00/V05.40 + sdld,  page 14.
Hexadecimal  [32-Bits]

Area                                    Addr        Size        Decimal Bytes (Attributes)
--------------------------------        ----        ----        ------- ----- ------------
.  .ABS.                            00000000    00000000 =           0. bytes (ABS,CON)

      Value  Global                              Global Defined In Module
      -----  --------------------------------   ------------------------
     00000019  ___bank_script_timer_1             script_timer_1
     00000019  ___bank_script_timer_17            script_timer_17
     00000019  ___bank_script_timer_24            script_timer_24
     00000019  ___bank_script_timer_45            script_timer_45
     00000019  ___bank_script_timer_63            script_timer_63
     00000019  ___bank_script_timer_71            script_timer_71
     00000019  ___bank_script_timer_72            script_timer_72
     00000019  ___bank_sprite_boombar_bank2_til   sprite_boombar_bank2_tileset
     00000019  ___bank_sprite_boombar_tileset     sprite_boombar_tileset
     00000019  ___bank_sprite_breakbar_bank2_ti   sprite_breakbar_bank2_tilese
     00000019  ___bank_sprite_breakbar_tileset    sprite_breakbar_tileset
     00000019  ___bank_sprite_clock               sprite_clock
     00000019  ___bank_sprite_final_glass         sprite_final_glass
     00000019  ___bank_sprite_final_glass_bank2   sprite_final_glass_bank2_til
     00000019  ___bank_sprite_final_glass_tiles   sprite_final_glass_tileset
     00000019  ___bank_sprite_fire                sprite_fire
     00000019  ___bank_sprite_fire_bank2_tilese   sprite_fire_bank2_tileset
     00000019  ___bank_sprite_fire_tileset        sprite_fire_tileset
     00000019  ___bank_sprite_get_key_tileset     sprite_get_key_tileset
     00000019  ___bank_sprite_hearts              sprite_hearts
     00000019  ___bank_sprite_interact_button_b   sprite_interact_button_bank2
     00000019  ___bank_sprite_jo_bot              sprite_jo_bot
     00000019  ___bank_sprite_locker_dot          sprite_locker_dot
     00000019  ___bank_sprite_peekers             sprite_peekers
     00000019  ___bank_sprite_press_start_bank2   sprite_press_start_bank2_til
     00000019  ___bank_sprite_press_start_tiles   sprite_press_start_tileset
     00000019  ___bank_sprite_push_to_start       sprite_push_to_start
     00000019  ___bank_sprite_push_to_start_ban   sprite_push_to_start_bank2_t
     00000019  ___bank_sprite_push_to_start_til   sprite_push_to_start_tileset
     00000019  ___bank_sprite_secret              sprite_secret
     00000019  ___bank_tileset_default_frame      tileset_default_frame
     00000019  ___bank_trigger_10_interact        trigger_10_interact
     00000019  ___bank_trigger_29_interact        trigger_29_interact
     00000019  ___bank_trigger_30_interact        trigger_30_interact
     00000019  ___bank_trigger_32_interact        trigger_32_interact
     00000019  ___bank_trigger_36_interact        trigger_36_interact
     00000019  ___bank_trigger_37_interact        trigger_37_interact
     00000019  ___bank_trigger_39_interact        trigger_39_interact
     00000019  ___bank_trigger_40_interact        trigger_40_interact
     00000019  ___bank_trigger_44_interact        trigger_44_interact
     00000019  ___bank_trigger_46_interact        trigger_46_interact
     00000019  ___bank_trigger_47_interact        trigger_47_interact
     00000019  ___bank_trigger_48_interact        trigger_48_interact
     00000019  ___bank_trigger_49_interact        trigger_49_interact
     00000019  ___bank_trigger_50_interact        trigger_50_interact
     00000019  ___bank_trigger_51_interact        trigger_51_interact
     00000019  ___bank_trigger_53_interact        trigger_53_interact
     00000019  ___bank_trigger_55_interact        trigger_55_interact
     00000019  ___bank_trigger_57_interact        trigger_57_interact
     00000019  ___bank_trigger_5_interact         trigger_5_interact
     00000019  ___bank_trigger_69_interact        trigger_69_interact
ASxxxx Linker V03.00/V05.40 + sdld,  page 15.
Hexadecimal  [32-Bits]

Area                                    Addr        Size        Decimal Bytes (Attributes)
--------------------------------        ----        ----        ------- ----- ------------
.  .ABS.                            00000000    00000000 =           0. bytes (ABS,CON)

      Value  Global                              Global Defined In Module
      -----  --------------------------------   ------------------------
     00000019  ___bank_trigger_73_interact        trigger_73_interact
     00000019  ___bank_trigger_82_interact        trigger_82_interact
     00000019  ___bank_trigger_96_interact        trigger_96_interact
     00000019  ___bank_trigger_9_interact         trigger_9_interact
     00000019  b_events_init                      events
     00000019  b_itoa_fmt                         vm_ui_a
     00000019  b_music_events_poll                music_manager
     00000019  b_music_init_driver                music_manager
     00000019  b_music_init_events                music_manager
     00000019  b_restore_sram                     flasher
     00000019  b_restore_sram_bank                flasher
     00000019  b_save_sram                        flasher
     00000019  b_timers_init                      events
     00000019  b_vm_print_detect                  vm_gbprinter
     00000019  b_vm_print_overlay                 vm_gbprinter
     00000019  b_vm_projectile_launch             vm_projectiles
     00000019  b_vm_projectile_load_type          vm_projectiles
     00000019  b_vm_save_clear                    vm_load_save
     00000019  b_vm_save_peek                     vm_load_save
     00000019  b_vm_scene_pop                     vm_scene
     00000019  b_vm_scene_pop_all                 vm_scene
     00000019  b_vm_scene_push                    vm_scene
     00000019  b_vm_scene_stack_reset             vm_scene
     0000001A  ___bank_actor_108_interact         actor_108_interact
     0000001A  ___bank_actor_109_interact         actor_109_interact
     0000001A  ___bank_actor_110_interact         actor_110_interact
     0000001A  ___bank_actor_111_interact         actor_111_interact
     0000001A  ___bank_actor_112_interact         actor_112_interact
     0000001A  ___bank_actor_113_interact         actor_113_interact
     0000001A  ___bank_actor_114_interact         actor_114_interact
     0000001A  ___bank_actor_115_interact         actor_115_interact
     0000001A  ___bank_actor_116_interact         actor_116_interact
     0000001A  ___bank_actor_117_interact         actor_117_interact
     0000001A  ___bank_actor_118_interact         actor_118_interact
     0000001A  ___bank_actor_119_interact         actor_119_interact
     0000001A  ___bank_actor_11_update            actor_11_update
     0000001A  ___bank_actor_120_interact         actor_120_interact
     0000001A  ___bank_actor_121_interact         actor_121_interact
     0000001A  ___bank_actor_122_interact         actor_122_interact
     0000001A  ___bank_actor_137_interact         actor_137_interact
     0000001A  ___bank_actor_16_interact          actor_16_interact
     0000001A  ___bank_actor_18_interact          actor_18_interact
     0000001A  ___bank_actor_19_update            actor_19_update
     0000001A  ___bank_actor_1_interact           actor_1_interact
     0000001A  ___bank_actor_20_interact          actor_20_interact
     0000001A  ___bank_actor_22_interact          actor_22_interact
     0000001A  ___bank_actor_35_update            actor_35_update
     0000001A  ___bank_actor_36_update            actor_36_update
     0000001A  ___bank_actor_40_interact          actor_40_interact
     0000001A  ___bank_actor_47_interact          actor_47_interact
     0000001A  ___bank_actor_49_interact          actor_49_interact
ASxxxx Linker V03.00/V05.40 + sdld,  page 16.
Hexadecimal  [32-Bits]

Area                                    Addr        Size        Decimal Bytes (Attributes)
--------------------------------        ----        ----        ------- ----- ------------
.  .ABS.                            00000000    00000000 =           0. bytes (ABS,CON)

      Value  Global                              Global Defined In Module
      -----  --------------------------------   ------------------------
     0000001A  ___bank_actor_51_interact          actor_51_interact
     0000001A  ___bank_actor_55_interact          actor_55_interact
     0000001A  ___bank_actor_56_update            actor_56_update
     0000001A  ___bank_actor_59_interact          actor_59_interact
     0000001A  ___bank_actor_5_update             actor_5_update
     0000001A  ___bank_actor_60_interact          actor_60_interact
     0000001A  ___bank_actor_65_interact          actor_65_interact
     0000001A  ___bank_actor_79_update            actor_79_update
     0000001A  ___bank_actor_7_interact           actor_7_interact
     0000001A  ___bank_bg_boss_hallway            bg_boss_hallway
     0000001A  ___bank_bg_boss_office             bg_boss_office
     0000001A  ___bank_bg_boss_office_b           bg_boss_office_b
     0000001A  ___bank_bg_boss_office_c           bg_boss_office_c
     0000001A  ___bank_bg_boss_warning            bg_boss_warning
     0000001A  ___bank_bg_break_start             bg_break_start
     0000001A  ___bank_bg_breakroom               bg_breakroom
     0000001A  ___bank_bg_breakroom_b             bg_breakroom_b
     0000001A  ___bank_bg_caught                  bg_caught
     0000001A  ___bank_bg_choice                  bg_choice
     0000001A  ___bank_bg_choice_b                bg_choice_b
     0000001A  ___bank_bg_choice_b_cgb_tileset    bg_choice_b_cgb_tileset
     0000001A  ___bank_bg_cubicle                 bg_cubicle
     0000001A  ___bank_bg_cubicle_b               bg_cubicle_b
     0000001A  ___bank_bg_cubicle_c               bg_cubicle_c
     0000001A  ___bank_bg_final_boss              bg_final_boss
     0000001A  ___bank_bg_final_boss_b            bg_final_boss_b
     0000001A  ___bank_bg_final_escape_1          bg_final_escape_1
     0000001A  ___bank_bg_final_escape_2          bg_final_escape_2
     0000001A  ___bank_bg_game_over_productivit   bg_game_over_productivity
     0000001A  ___bank_bg_game_over_stress        bg_game_over_stress
     0000001A  ___bank_bg_hallway                 bg_hallway
     0000001A  ___bank_bg_hallway_b               bg_hallway_b
     0000001A  ___bank_bg_intro                   bg_intro
     0000001A  ___bank_bg_intro_tileset           bg_intro_tileset
     0000001A  ___bank_bg_jumpscare               bg_jumpscare
     0000001A  ___bank_bg_locker                  bg_locker
     0000001A  ___bank_bg_locker_inside           bg_locker_inside
     0000001A  ___bank_bg_lost_n_found            bg_lost_n_found
     0000001A  ___bank_bg_outside                 bg_outside
     0000001A  ___bank_bg_productivity_too_low    bg_productivity_too_low
     0000001A  ___bank_bg_secret_zone_1           bg_secret_zone_1
     0000001A  ___bank_bg_storage_room            bg_storage_room
     0000001A  ___bank_bg_stress_too_high         bg_stress_too_high
     0000001A  ___bank_bg_title_screen            bg_title_screen
     0000001A  ___bank_bg_tunnel                  bg_tunnel
     0000001A  ___bank_bg_vending_machine         bg_vending_machine
     0000001A  ___bank_bg_vents                   bg_vents
     0000001A  ___bank_bg_vents_2                 bg_vents_2
     0000001A  ___bank_bg_work_start              bg_work_start
     0000001A  ___bank_bootstrap_script           
     0000001A  ___bank_palette_1                  palette_1
ASxxxx Linker V03.00/V05.40 + sdld,  page 17.
Hexadecimal  [32-Bits]

Area                                    Addr        Size        Decimal Bytes (Attributes)
--------------------------------        ----        ----        ------- ----- ------------
.  .ABS.                            00000000    00000000 =           0. bytes (ABS,CON)

      Value  Global                              Global Defined In Module
      -----  --------------------------------   ------------------------
     0000001A  ___bank_palette_2                  palette_2
     0000001A  ___bank_palette_3                  palette_3
     0000001A  ___bank_palette_4                  palette_4
     0000001A  ___bank_palette_5                  palette_5
     0000001A  ___bank_palette_6                  palette_6
     0000001A  ___bank_palette_7                  palette_7
     0000001A  ___bank_scene_0                    scene_0
     0000001A  ___bank_scene_0_actors             scene_0_actors
     0000001A  ___bank_scene_0_init               scene_0_init
     0000001A  ___bank_scene_1                    scene_1
     0000001A  ___bank_scene_10                   scene_10
     0000001A  ___bank_scene_10_actors            scene_10_actors
     0000001A  ___bank_scene_10_init              scene_10_init
     0000001A  ___bank_scene_11                   scene_11
     0000001A  ___bank_scene_12                   scene_12
     0000001A  ___bank_scene_12_init              scene_12_init
     0000001A  ___bank_scene_13                   scene_13
     0000001A  ___bank_scene_13_init              scene_13_init
     0000001A  ___bank_scene_14                   scene_14
     0000001A  ___bank_scene_14_sprites           scene_14_sprites
     0000001A  ___bank_scene_14_triggers          scene_14_triggers
     0000001A  ___bank_scene_15                   scene_15
     0000001A  ___bank_scene_15_sprites           scene_15_sprites
     0000001A  ___bank_scene_15_triggers          scene_15_triggers
     0000001A  ___bank_scene_16                   scene_16
     0000001A  ___bank_scene_16_actors            scene_16_actors
     0000001A  ___bank_scene_17                   scene_17
     0000001A  ___bank_scene_18                   scene_18
     0000001A  ___bank_scene_19                   scene_19
     0000001A  ___bank_scene_19_init              scene_19_init
     0000001A  ___bank_scene_1_triggers           scene_1_triggers
     0000001A  ___bank_scene_2                    scene_2
     0000001A  ___bank_scene_20                   scene_20
     0000001A  ___bank_scene_20_triggers          scene_20_triggers
     0000001A  ___bank_scene_21                   scene_21
     0000001A  ___bank_scene_21_sprites           scene_21_sprites
     0000001A  ___bank_scene_21_triggers          scene_21_triggers
     0000001A  ___bank_scene_22                   scene_22
     0000001A  ___bank_scene_22_actors            scene_22_actors
     0000001A  ___bank_scene_22_sprites           scene_22_sprites
     0000001A  ___bank_scene_22_triggers          scene_22_triggers
     0000001A  ___bank_scene_23                   scene_23
     0000001A  ___bank_scene_23_triggers          scene_23_triggers
     0000001A  ___bank_scene_24                   scene_24
     0000001A  ___bank_scene_24_sprites           scene_24_sprites
     0000001A  ___bank_scene_24_triggers          scene_24_triggers
     0000001A  ___bank_scene_25                   scene_25
     0000001A  ___bank_scene_25_sprites           scene_25_sprites
     0000001A  ___bank_scene_25_triggers          scene_25_triggers
     0000001A  ___bank_scene_26                   scene_26
     0000001A  ___bank_scene_26_sprites           scene_26_sprites
ASxxxx Linker V03.00/V05.40 + sdld,  page 18.
Hexadecimal  [32-Bits]

Area                                    Addr        Size        Decimal Bytes (Attributes)
--------------------------------        ----        ----        ------- ----- ------------
.  .ABS.                            00000000    00000000 =           0. bytes (ABS,CON)

      Value  Global                              Global Defined In Module
      -----  --------------------------------   ------------------------
     0000001A  ___bank_scene_26_triggers          scene_26_triggers
     0000001A  ___bank_scene_27                   scene_27
     0000001A  ___bank_scene_27_sprites           scene_27_sprites
     0000001A  ___bank_scene_27_triggers          scene_27_triggers
     0000001A  ___bank_scene_28                   scene_28
     0000001A  ___bank_scene_28_sprites           scene_28_sprites
     0000001A  ___bank_scene_28_triggers          scene_28_triggers
     0000001A  ___bank_scene_29                   scene_29
     0000001A  ___bank_scene_29_sprites           scene_29_sprites
     0000001A  ___bank_scene_29_triggers          scene_29_triggers
     0000001A  ___bank_scene_2_sprites            scene_2_sprites
     0000001A  ___bank_scene_3                    scene_3
     0000001A  ___bank_scene_30                   scene_30
     0000001A  ___bank_scene_30_actors            scene_30_actors
     0000001A  ___bank_scene_30_init              scene_30_init
     0000001A  ___bank_scene_30_sprites           scene_30_sprites
     0000001A  ___bank_scene_30_triggers          scene_30_triggers
     0000001A  ___bank_scene_31                   scene_31
     0000001A  ___bank_scene_32                   scene_32
     0000001A  ___bank_scene_32_sprites           scene_32_sprites
     0000001A  ___bank_scene_32_triggers          scene_32_triggers
     0000001A  ___bank_scene_33                   scene_33
     0000001A  ___bank_scene_33_init              scene_33_init
     0000001A  ___bank_scene_33_sprites           scene_33_sprites
     0000001A  ___bank_scene_33_triggers          scene_33_triggers
     0000001A  ___bank_scene_34                   scene_34
     0000001A  ___bank_scene_34_init              scene_34_init
     0000001A  ___bank_scene_34_sprites           scene_34_sprites
     0000001A  ___bank_scene_34_triggers          scene_34_triggers
     0000001A  ___bank_scene_35                   scene_35
     0000001A  ___bank_scene_35_init              scene_35_init
     0000001A  ___bank_scene_36                   scene_36
     0000001A  ___bank_scene_36_sprites           scene_36_sprites
     0000001A  ___bank_scene_36_triggers          scene_36_triggers
     0000001A  ___bank_scene_37                   scene_37
     0000001A  ___bank_scene_37_sprites           scene_37_sprites
     0000001A  ___bank_scene_37_triggers          scene_37_triggers
     0000001A  ___bank_scene_38                   scene_38
     0000001A  ___bank_scene_38_triggers          scene_38_triggers
     0000001A  ___bank_scene_39                   scene_39
     0000001A  ___bank_scene_3_sprites            scene_3_sprites
     0000001A  ___bank_scene_3_triggers           scene_3_triggers
     0000001A  ___bank_scene_4                    scene_4
     0000001A  ___bank_scene_40                   scene_40
     0000001A  ___bank_scene_41                   scene_41
     0000001A  ___bank_scene_41_triggers          scene_41_triggers
     0000001A  ___bank_scene_42                   scene_42
     0000001A  ___bank_scene_42_init              scene_42_init
     0000001A  ___bank_scene_42_sprites           scene_42_sprites
     0000001A  ___bank_scene_43                   scene_43
     0000001A  ___bank_scene_43_sprites           scene_43_sprites
ASxxxx Linker V03.00/V05.40 + sdld,  page 19.
Hexadecimal  [32-Bits]

Area                                    Addr        Size        Decimal Bytes (Attributes)
--------------------------------        ----        ----        ------- ----- ------------
.  .ABS.                            00000000    00000000 =           0. bytes (ABS,CON)

      Value  Global                              Global Defined In Module
      -----  --------------------------------   ------------------------
     0000001A  ___bank_scene_43_triggers          scene_43_triggers
     0000001A  ___bank_scene_44                   scene_44
     0000001A  ___bank_scene_46                   scene_46
     0000001A  ___bank_scene_46_sprites           scene_46_sprites
     0000001A  ___bank_scene_46_triggers          scene_46_triggers
     0000001A  ___bank_scene_47                   scene_47
     0000001A  ___bank_scene_4_sprites            scene_4_sprites
     0000001A  ___bank_scene_4_triggers           scene_4_triggers
     0000001A  ___bank_scene_5                    scene_5
     0000001A  ___bank_scene_6                    scene_6
     0000001A  ___bank_scene_6_actors             scene_6_actors
     0000001A  ___bank_scene_6_sprites            scene_6_sprites
     0000001A  ___bank_scene_7                    scene_7
     0000001A  ___bank_scene_8                    scene_8
     0000001A  ___bank_scene_9                    scene_9
     0000001A  ___bank_script_input_102           script_input_102
     0000001A  ___bank_script_input_105           script_input_105
     0000001A  ___bank_script_input_108           script_input_108
     0000001A  ___bank_script_input_111           script_input_111
     0000001A  ___bank_script_input_114           script_input_114
     0000001A  ___bank_script_input_117           script_input_117
     0000001A  ___bank_script_input_13            script_input_13
     0000001A  ___bank_script_input_16            script_input_16
     0000001A  ___bank_script_input_163           script_input_163
     0000001A  ___bank_script_input_173           script_input_173
     0000001A  ___bank_script_input_181           script_input_181
     0000001A  ___bank_script_input_20            script_input_20
     0000001A  ___bank_script_input_3             script_input_3
     0000001A  ___bank_script_input_43            script_input_43
     0000001A  ___bank_script_input_44            script_input_44
     0000001A  ___bank_script_input_51            script_input_51
     0000001A  ___bank_script_input_64            script_input_64
     0000001A  ___bank_script_input_65            script_input_65
     0000001A  ___bank_script_input_70            script_input_70
     0000001A  ___bank_script_input_81            script_input_81
     0000001A  ___bank_script_input_91            script_input_91
     0000001A  ___bank_script_input_93            script_input_93
     0000001A  ___bank_script_input_96            script_input_96
     0000001A  ___bank_script_input_99            script_input_99
     0000001A  ___bank_script_timer_0             script_timer_0
     0000001A  ___bank_script_timer_2             script_timer_2
     0000001A  ___bank_script_timer_20            script_timer_20
     0000001A  ___bank_script_timer_73            script_timer_73
     0000001A  ___bank_sound_legacy_0             sound_legacy_0
     0000001A  ___bank_sound_legacy_0_0           sound_legacy_0_0
     0000001A  ___bank_sound_legacy_0_1           sound_legacy_0_1
     0000001A  ___bank_sound_legacy_0_2           sound_legacy_0_2
     0000001A  ___bank_sound_legacy_0_3           sound_legacy_0_3
     0000001A  ___bank_sound_legacy_0_4           sound_legacy_0_4
     0000001A  ___bank_sprite_clock_bank2_tiles   sprite_clock_bank2_tileset
     0000001A  ___bank_sprite_clock_tileset       sprite_clock_tileset
ASxxxx Linker V03.00/V05.40 + sdld,  page 20.
Hexadecimal  [32-Bits]

Area                                    Addr        Size        Decimal Bytes (Attributes)
--------------------------------        ----        ----        ------- ----- ------------
.  .ABS.                            00000000    00000000 =           0. bytes (ABS,CON)

      Value  Global                              Global Defined In Module
      -----  --------------------------------   ------------------------
     0000001A  ___bank_sprite_conveyor            sprite_conveyor
     0000001A  ___bank_sprite_cursor              sprite_cursor
     0000001A  ___bank_sprite_cursor_bank2_tile   sprite_cursor_bank2_tileset
     0000001A  ___bank_sprite_cursor_tileset      sprite_cursor_tileset
     0000001A  ___bank_sprite_elevator            sprite_elevator
     0000001A  ___bank_sprite_elevator_bank2_ti   sprite_elevator_bank2_tilese
     0000001A  ___bank_sprite_elevator_tileset    sprite_elevator_tileset
     0000001A  ___bank_sprite_end_slide_floor_t   sprite_end_slide_floor_trig
     0000001A  ___bank_sprite_energy_bar_full_t   sprite_energy_bar_full_trig
     0000001A  ___bank_sprite_energy_bars_bank2   sprite_energy_bars_bank2_til
     0000001A  ___bank_sprite_energy_bars_stres   sprite_energy_bars_stress_ti
     0000001A  ___bank_sprite_energy_bars_tiles   sprite_energy_bars_tileset
     0000001A  ___bank_sprite_eyes                sprite_eyes
     0000001A  ___bank_sprite_eyes_bank2_tilese   sprite_eyes_bank2_tileset
     0000001A  ___bank_sprite_eyes_tileset        sprite_eyes_tileset
     0000001A  ___bank_sprite_get_key             sprite_get_key
     0000001A  ___bank_sprite_get_key_bank2_til   sprite_get_key_bank2_tileset
     0000001A  ___bank_sprite_hearts_bank2_tile   sprite_hearts_bank2_tileset
     0000001A  ___bank_sprite_hearts_tileset      sprite_hearts_tileset
     0000001A  ___bank_sprite_jo_bot_bank2_tile   sprite_jo_bot_bank2_tileset
     0000001A  ___bank_sprite_jo_bot_tileset      sprite_jo_bot_tileset
     0000001A  ___bank_sprite_locker_dot_bank2_   sprite_locker_dot_bank2_tile
     0000001A  ___bank_sprite_locker_dot_tilese   sprite_locker_dot_tileset
     0000001A  ___bank_sprite_press_start         sprite_press_start
     0000001A  ___bank_sprite_shutdown_button     sprite_shutdown_button
     0000001A  ___bank_sprite_shutdown_button_t   sprite_shutdown_button_tiles
     0000001A  ___bank_sprite_vent_cover          sprite_vent_cover
     0000001A  ___bank_sprite_vent_cover_tilese   sprite_vent_cover_tileset
     0000001A  ___bank_spritesheet_none           spritesheet_none
     0000001A  ___bank_test_symbol0               test_symbol0
     0000001A  ___bank_test_symbol0_2             test_symbol0_2
     0000001A  ___bank_test_symbol15              test_symbol15
     0000001A  ___bank_test_symbol16              test_symbol16
     0000001A  ___bank_test_symbol4               test_symbol4
     0000001A  ___bank_test_symbol6               test_symbol6
     0000001A  ___bank_test_symbol6_2             test_symbol6_2
     0000001A  ___bank_test_symbol8               test_symbol8
     0000001A  ___bank_test_symbol8_2             test_symbol8_2
     0000001A  ___bank_trigger_0_interact         trigger_0_interact
     0000001A  ___bank_trigger_100_interact       trigger_100_interact
     0000001A  ___bank_trigger_101_interact       trigger_101_interact
     0000001A  ___bank_trigger_12_interact        trigger_12_interact
     0000001A  ___bank_trigger_13_interact        trigger_13_interact
     0000001A  ___bank_trigger_14_interact        trigger_14_interact
     0000001A  ___bank_trigger_15_interact        trigger_15_interact
     0000001A  ___bank_trigger_16_interact        trigger_16_interact
     0000001A  ___bank_trigger_17_interact        trigger_17_interact
     0000001A  ___bank_trigger_18_interact        trigger_18_interact
     0000001A  ___bank_trigger_19_interact        trigger_19_interact
     0000001A  ___bank_trigger_1_interact         trigger_1_interact
     0000001A  ___bank_trigger_20_interact        trigger_20_interact
ASxxxx Linker V03.00/V05.40 + sdld,  page 21.
Hexadecimal  [32-Bits]

Area                                    Addr        Size        Decimal Bytes (Attributes)
--------------------------------        ----        ----        ------- ----- ------------
.  .ABS.                            00000000    00000000 =           0. bytes (ABS,CON)

      Value  Global                              Global Defined In Module
      -----  --------------------------------   ------------------------
     0000001A  ___bank_trigger_21_interact        trigger_21_interact
     0000001A  ___bank_trigger_22_interact        trigger_22_interact
     0000001A  ___bank_trigger_23_interact        trigger_23_interact
     0000001A  ___bank_trigger_24_interact        trigger_24_interact
     0000001A  ___bank_trigger_25_interact        trigger_25_interact
     0000001A  ___bank_trigger_26_interact        trigger_26_interact
     0000001A  ___bank_trigger_27_interact        trigger_27_interact
     0000001A  ___bank_trigger_28_interact        trigger_28_interact
     0000001A  ___bank_trigger_2_interact         trigger_2_interact
     0000001A  ___bank_trigger_33_interact        trigger_33_interact
     0000001A  ___bank_trigger_34_interact        trigger_34_interact
     0000001A  ___bank_trigger_35_interact        trigger_35_interact
     0000001A  ___bank_trigger_38_interact        trigger_38_interact
     0000001A  ___bank_trigger_42_interact        trigger_42_interact
     0000001A  ___bank_trigger_43_interact        trigger_43_interact
     0000001A  ___bank_trigger_45_interact        trigger_45_interact
     0000001A  ___bank_trigger_4_interact         trigger_4_interact
     0000001A  ___bank_trigger_56_interact        trigger_56_interact
     0000001A  ___bank_trigger_58_interact        trigger_58_interact
     0000001A  ___bank_trigger_59_interact        trigger_59_interact
     0000001A  ___bank_trigger_60_interact        trigger_60_interact
     0000001A  ___bank_trigger_61_interact        trigger_61_interact
     0000001A  ___bank_trigger_62_interact        trigger_62_interact
     0000001A  ___bank_trigger_63_interact        trigger_63_interact
     0000001A  ___bank_trigger_64_interact        trigger_64_interact
     0000001A  ___bank_trigger_65_interact        trigger_65_interact
     0000001A  ___bank_trigger_66_interact        trigger_66_interact
     0000001A  ___bank_trigger_67_interact        trigger_67_interact
     0000001A  ___bank_trigger_68_interact        trigger_68_interact
     0000001A  ___bank_trigger_6_interact         trigger_6_interact
     0000001A  ___bank_trigger_70_interact        trigger_70_interact
     0000001A  ___bank_trigger_71_interact        trigger_71_interact
     0000001A  ___bank_trigger_72_interact        trigger_72_interact
     0000001A  ___bank_trigger_74_interact        trigger_74_interact
     0000001A  ___bank_trigger_75_interact        trigger_75_interact
     0000001A  ___bank_trigger_76_interact        trigger_76_interact
     0000001A  ___bank_trigger_77_interact        trigger_77_interact
     0000001A  ___bank_trigger_78_interact        trigger_78_interact
     0000001A  ___bank_trigger_79_interact        trigger_79_interact
[...]
C:/Users/Shawn/AppData/Local/Temp/_gbsbuild/obj/test_symbol0_2.rel
                                          [ test_symbol0_2 ]
C:/Users/Shawn/AppData/Local/Temp/_gbsbuild/obj/test_symbol0.rel
                                          [ test_symbol0 ]
C:/Users/Shawn/AppData/Local/Temp/_gbsbuild/obj/test_symbol15.rel
                                          [ test_symbol15 ]
C:/Users/Shawn/AppData/Local/Temp/_gbsbuild/obj/test_symbol16.rel
                                          [ test_symbol16 ]
C:/Users/Shawn/AppData/Local/Temp/_gbsbuild/obj/test_symbol4.rel
                                          [ test_symbol4 ]
C:/Users/Shawn/AppData/Local/Temp/_gbsbuild/obj/test_symbol6_2.rel
                                          [ test_symbol6_2 ]
C:/Users/Shawn/AppData/Local/Temp/_gbsbuild/obj/test_symbol6.rel
                                          [ test_symbol6 ]
C:/Users/Shawn/AppData/Local/Temp/_gbsbuild/obj/test_symbol8_2.rel
                                          [ test_symbol8_2 ]
C:/Users/Shawn/AppData/Local/Temp/_gbsbuild/obj/test_symbol8.rel
                                          [ test_symbol8 ]
C:/Users/Shawn/AppData/Local/Temp/_gbsbuild/obj/tileset_default_frame.rel
                                          [ tileset_default_frame ]
C:/Users/Shawn/AppData/Local/Temp/_gbsbuild/obj/tileset_vending_button_tile.rel
                                          [ tileset_vending_button_tile ]
C:/Users/Shawn/AppData/Local/Temp/_gbsbuild/obj/trigger_0_interact.rel
                                          [ trigger_0_interact ]
C:/Users/Shawn/AppData/Local/Temp/_gbsbuild/obj/trigger_1_interact.rel
                                          [ trigger_1_interact ]
C:/Users/Shawn/AppData/Local/Temp/_gbsbuild/obj/trigger_10_interact.rel
                                          [ trigger_10_interact ]
C:/Users/Shawn/AppData/Local/Temp/_gbsbuild/obj/trigger_100_interact.rel
                                          [ trigger_100_interact ]
C:/Users/Shawn/AppData/Local/Temp/_gbsbuild/obj/trigger_101_interact.rel
                                          [ trigger_101_interact ]
C:/Users/Shawn/AppData/Local/Temp/_gbsbuild/obj/trigger_11_interact.rel
                                          [ trigger_11_interact ]
C:/Users/Shawn/AppData/Local/Temp/_gbsbuild/obj/trigger_12_interact.rel
                                          [ trigger_12_interact ]
C:/Users/Shawn/AppData/Local/Temp/_gbsbuild/obj/trigger_13_interact.rel
                                          [ trigger_13_interact ]
C:/Users/Shawn/AppData/Local/Temp/_gbsbuild/obj/trigger_14_interact.rel
                                          [ trigger_14_interact ]
C:/Users/Shawn/AppData/Local/Temp/_gbsbuild/obj/trigger_15_interact.rel
                                          [ trigger_15_interact ]
C:/Users/Shawn/AppData/Local/Temp/_gbsbuild/obj/trigger_16_interact.rel
                                          [ trigger_16_interact ]
C:/Users/Shawn/AppData/Local/Temp/_gbsbuild/obj/trigger_17_interact.rel
                                          [ trigger_17_interact ]
C:/Users/Shawn/AppData/Local/Temp/_gbsbuild/obj/trigger_18_interact.rel
                                          [ trigger_18_interact ]
C:/Users/Shawn/AppData/Local/Temp/_gbsbuild/obj/trigger_19_interact.rel
                                          [ trigger_19_interact ]
C:/Users/Shawn/AppData/Local/Temp/_gbsbuild/obj/trigger_2_interact.rel
                                          [ trigger_2_interact ]
C:/Users/Shawn/AppData/Local/Temp/_gbsbuild/obj/trigger_20_interact.rel
                                          [ trigger_20_interact ]
C:/Users/Shawn/AppData/Local/Temp/_gbsbuild/obj/trigger_21_interact.rel
                                          [ trigger_21_interact ]
C:/Users/Shawn/AppData/Local/Temp/_gbsbuild/obj/trigger_22_interact.rel
                                          [ trigger_22_interact ]
C:/Users/Shawn/AppData/Local/Temp/_gbsbuild/obj/trigger_23_interact.rel
                                          [ trigger_23_interact ]
C:/Users/Shawn/AppData/Local/Temp/_gbsbuild/obj/trigger_24_interact.rel
                                          [ trigger_24_interact ]
C:/Users/Shawn/AppData/Local/Temp/_gbsbuild/obj/trigger_25_interact.rel
                                          [ trigger_25_interact ]
C:/Users/Shawn/AppData/Local/Temp/_gbsbuild/obj/trigger_26_interact.rel
                                          [ trigger_26_interact ]
C:/Users/Shawn/AppData/Local/Temp/_gbsbuild/obj/trigger_27_interact.rel
                                          [ trigger_27_interact ]
C:/Users/Shawn/AppData/Local/Temp/_gbsbuild/obj/trigger_28_interact.rel
                                          [ trigger_28_interact ]
C:/Users/Shawn/AppData/Local/Temp/_gbsbuild/obj/trigger_29_interact.rel
                                          [ trigger_29_interact ]
C:/Users/Shawn/AppData/Local/Temp/_gbsbuild/obj/trigger_3_interact.rel
                                          [ trigger_3_interact ]
C:/Users/Shawn/AppData/Local/Temp/_gbsbuild/obj/trigger_30_interact.rel
                                          [ trigger_30_interact ]
C:/Users/Shawn/AppData/Local/Temp/_gbsbuild/obj/trigger_31_interact.rel
                                          [ trigger_31_interact ]
C:/Users/Shawn/AppData/Local/Temp/_gbsbuild/obj/trigger_32_interact.rel
                                          [ trigger_32_interact ]
C:/Users/Shawn/AppData/Local/Temp/_gbsbuild/obj/trigger_33_interact.rel
                                          [ trigger_33_interact ]
C:/Users/Shawn/AppData/Local/Temp/_gbsbuild/obj/trigger_34_interact.rel
                                          [ trigger_34_interact ]
C:/Users/Shawn/AppData/Local/Temp/_gbsbuild/obj/trigger_35_interact.rel
                                          [ trigger_35_interact ]
C:/Users/Shawn/AppData/Local/Temp/_gbsbuild/obj/trigger_36_interact.rel
                                          [ trigger_36_interact ]
C:/Users/Shawn/AppData/Local/Temp/_gbsbuild/obj/trigger_37_interact.rel
                                          [ trigger_37_interact ]
C:/Users/Shawn/AppData/Local/Temp/_gbsbuild/obj/trigger_38_interact.rel
                                          [ trigger_38_interact ]
C:/Users/Shawn/AppData/Local/Temp/_gbsbuild/obj/trigger_39_interact.rel
                                          [ trigger_39_interact ]
C:/Users/Shawn/AppData/Local/Temp/_gbsbuild/obj/trigger_4_interact.rel
                                          [ trigger_4_interact ]
C:/Users/Shawn/AppData/Local/Temp/_gbsbuild/obj/trigger_40_interact.rel
                                          [ trigger_40_interact ]
C:/Users/Shawn/AppData/Local/Temp/_gbsbuild/obj/trigger_41_interact.rel
                                          [ trigger_41_interact ]
C:/Users/Shawn/AppData/Local/Temp/_gbsbuild/obj/trigger_42_interact.rel
                                          [ trigger_42_interact ]
C:/Users/Shawn/AppData/Local/Temp/_gbsbuild/obj/trigger_43_interact.rel
                                          [ trigger_43_interact ]
C:/Users/Shawn/AppData/Local/Temp/_gbsbuild/obj/trigger_44_interact.rel
                                          [ trigger_44_interact ]
C:/Users/Shawn/AppData/Local/Temp/_gbsbuild/obj/trigger_45_interact.rel
                                          [ trigger_45_interact ]
C:/Users/Shawn/AppData/Local/Temp/_gbsbuild/obj/trigger_46_interact.rel
                                          [ trigger_46_interact ]
C:/Users/Shawn/AppData/Local/Temp/_gbsbuild/obj/trigger_47_interact.rel
                                          [ trigger_47_interact ]
C:/Users/Shawn/AppData/Local/Temp/_gbsbuild/obj/trigger_48_interact.rel
                                          [ trigger_48_interact ]
C:/Users/Shawn/AppData/Local/Temp/_gbsbuild/obj/trigger_49_interact.rel
                                          [ trigger_49_interact ]
C:/Users/Shawn/AppData/Local/Temp/_gbsbuild/obj/trigger_5_interact.rel
                                          [ trigger_5_interact ]
C:/Users/Shawn/AppData/Local/Temp/_gbsbuild/obj/trigger_50_interact.rel
                                          [ trigger_50_interact ]
C:/Users/Shawn/AppData/Local/Temp/_gbsbuild/obj/trigger_51_interact.rel
                                          [ trigger_51_interact ]
C:/Users/Shawn/AppData/Local/Temp/_gbsbuild/obj/trigger_52_interact.rel
                                          [ trigger_52_interact ]
C:/Users/Shawn/AppData/Local/Temp/_gbsbuild/obj/trigger_53_interact.rel
                                          [ trigger_53_interact ]
C:/Users/Shawn/AppData/Local/Temp/_gbsbuild/obj/trigger_54_interact.rel
                                          [ trigger_54_interact ]
C:/Users/Shawn/AppData/Local/Temp/_gbsbuild/obj/trigger_55_interact.rel
                                          [ trigger_55_interact ]
C:/Users/Shawn/AppData/Local/Temp/_gbsbuild/obj/trigger_56_interact.rel
                                          [ trigger_56_interact ]
C:/Users/Shawn/AppData/Local/Temp/_gbsbuild/obj/trigger_57_interact.rel
                                          [ trigger_57_interact ]
C:/Users/Shawn/AppData/Local/Temp/_gbsbuild/obj/trigger_58_interact.rel
                                          [ trigger_58_interact ]
C:/Users/Shawn/AppData/Local/Temp/_gbsbuild/obj/trigger_59_interact.rel
                                          [ trigger_59_interact ]
C:/Users/Shawn/AppData/Local/Temp/_gbsbuild/obj/trigger_6_interact.rel
                                          [ trigger_6_interact ]
C:/Users/Shawn/AppData/Local/Temp/_gbsbuild/obj/trigger_60_interact.rel
                                          [ trigger_60_interact ]
C:/Users/Shawn/AppData/Local/Temp/_gbsbuild/obj/trigger_61_interact.rel
                                          [ trigger_61_interact ]
C:/Users/Shawn/AppData/Local/Temp/_gbsbuild/obj/trigger_62_interact.rel
                                          [ trigger_62_interact ]
C:/Users/Shawn/AppData/Local/Temp/_gbsbuild/obj/trigger_63_interact.rel
                                          [ trigger_63_interact ]
C:/Users/Shawn/AppData/Local/Temp/_gbsbuild/obj/trigger_64_interact.rel
                                          [ trigger_64_interact ]
C:/Users/Shawn/AppData/Local/Temp/_gbsbuild/obj/trigger_65_interact.rel
                                          [ trigger_65_interact ]
C:/Users/Shawn/AppData/Local/Temp/_gbsbuild/obj/trigger_66_interact.rel
                                          [ trigger_66_interact ]
C:/Users/Shawn/AppData/Local/Temp/_gbsbuild/obj/trigger_67_interact.rel
                                          [ trigger_67_interact ]
C:/Users/Shawn/AppData/Local/Temp/_gbsbuild/obj/trigger_68_interact.rel
                                          [ trigger_68_interact ]
C:/Users/Shawn/AppData/Local/Temp/_gbsbuild/obj/trigger_69_interact.rel
                                          [ trigger_69_interact ]
C:/Users/Shawn/AppData/Local/Temp/_gbsbuild/obj/trigger_7_interact.rel
                                          [ trigger_7_interact ]
C:/Users/Shawn/AppData/Local/Temp/_gbsbuild/obj/trigger_70_interact.rel
                                          [ trigger_70_interact ]
C:/Users/Shawn/AppData/Local/Temp/_gbsbuild/obj/trigger_71_interact.rel
                                          [ trigger_71_interact ]
C:/Users/Shawn/AppData/Local/Temp/_gbsbuild/obj/trigger_72_interact.rel
                                          [ trigger_72_interact ]
C:/Users/Shawn/AppData/Local/Temp/_gbsbuild/obj/trigger_73_interact.rel
                                          [ trigger_73_interact ]
C:/Users/Shawn/AppData/Local/Temp/_gbsbuild/obj/trigger_74_interact.rel
                                          [ trigger_74_interact ]
C:/Users/Shawn/AppData/Local/Temp/_gbsbuild/obj/trigger_75_interact.rel
                                          [ trigger_75_interact ]
C:/Users/Shawn/AppData/Local/Temp/_gbsbuild/obj/trigger_76_interact.rel
                                          [ trigger_76_interact ]
C:/Users/Shawn/AppData/Local/Temp/_gbsbuild/obj/trigger_77_interact.rel
                                          [ trigger_77_interact ]
C:/Users/Shawn/AppData/Local/Temp/_gbsbuild/obj/trigger_78_interact.rel
                                          [ trigger_78_interact ]
C:/Users/Shawn/AppData/Local/Temp/_gbsbuild/obj/trigger_79_interact.rel
                                          [ trigger_79_interact ]
C:/Users/Shawn/AppData/Local/Temp/_gbsbuild/obj/trigger_8_interact.rel
                                          [ trigger_8_interact ]
C:/Users/Shawn/AppData/Local/Temp/_gbsbuild/obj/trigger_80_interact.rel
                                          [ trigger_80_interact ]
C:/Users/Shawn/AppData/Local/Temp/_gbsbuild/obj/trigger_81_interact.rel
                                          [ trigger_81_interact ]
C:/Users/Shawn/AppData/Local/Temp/_gbsbuild/obj/trigger_82_interact.rel
                                          [ trigger_82_interact ]
C:/Users/Shawn/AppData/Local/Temp/_gbsbuild/obj/trigger_83_interact.rel
                                          [ trigger_83_interact ]
C:/Users/Shawn/AppData/Local/Temp/_gbsbuild/obj/trigger_84_interact.rel
                                          [ trigger_84_interact ]
C:/Users/Shawn/AppData/Local/Temp/_gbsbuild/obj/trigger_85_interact.rel
                                          [ trigger_85_interact ]
C:/Users/Shawn/AppData/Local/Temp/_gbsbuild/obj/trigger_86_interact.rel
                                          [ trigger_86_interact ]
C:/Users/Shawn/AppData/Local/Temp/_gbsbuild/obj/trigger_87_interact.rel
                                          [ trigger_87_interact ]
C:/Users/Shawn/AppData/Local/Temp/_gbsbuild/obj/trigger_88_interact.rel
                                          [ trigger_88_interact ]
C:/Users/Shawn/AppData/Local/Temp/_gbsbuild/obj/trigger_89_interact.rel
                                          [ trigger_89_interact ]
C:/Users/Shawn/AppData/Local/Temp/_gbsbuild/obj/trigger_9_interact.rel
                                          [ trigger_9_interact ]
C:/Users/Shawn/AppData/Local/Temp/_gbsbuild/obj/trigger_91_interact.rel
                                          [ trigger_91_interact ]
C:/Users/Shawn/AppData/Local/Temp/_gbsbuild/obj/trigger_92_interact.rel
                                          [ trigger_92_interact ]
C:/Users/Shawn/AppData/Local/Temp/_gbsbuild/obj/trigger_93_interact.rel
                                          [ trigger_93_interact ]
C:/Users/Shawn/AppData/Local/Temp/_gbsbuild/obj/trigger_94_interact.rel
                                          [ trigger_94_interact ]
C:/Users/Shawn/AppData/Local/Temp/_gbsbuild/obj/trigger_96_interact.rel
                                          [ trigger_96_interact ]
C:/Users/Shawn/AppData/Local/Temp/_gbsbuild/obj/trigger_97_interact.rel
                                          [ trigger_97_interact ]
C:/Users/Shawn/AppData/Local/Temp/_gbsbuild/obj/trigger_98_interact.rel
                                          [ trigger_98_interact ]
C:/Users/Shawn/AppData/Local/Temp/_gbsbuild/obj/trigger_99_interact.rel
                                          [ trigger_99_interact ]
C:/Users/Shawn/AppData/Local/Temp/_gbsbuild/obj/main.rel
                                          [ main ]
C:/Users/Shawn/AppData/Local/Temp/_gbsbuild/obj/logo.rel
                                          [ logo ]
C:/Users/Shawn/AppData/Local/Temp/_gbsbuild/obj/platform.rel
                                          [ platform ]
C:/Users/Shawn/AppData/Local/Temp/_gbsbuild/obj/states_ptrs.rel
                                          [  ]
C:/Users/Shawn/AppData/Local/Temp/_gbsbuild/obj/topdown.rel
                                          [ topdown ]


Libraries Linked                          [ object file ]

C:\Users\Shawn\AppData\Local\Temp/_gbstools/gbdk/lib/gb/gb.lib
                                          [ fill_rect_wi.o ]
C:\Users\Shawn\AppData\Local\Temp/_gbstools/gbdk/lib/sm83/sm83.lib
                                          [ rand.o ]
lib/hUGEDriver.lib                        [ hUGEDriver.o ]
C:\Users\Shawn\AppData\Local\Temp/_gbstools/gbdk/lib/gb/gb.lib
                                          [ sfr.o ]
C:\Users\Shawn\AppData\Local\Temp/_gbstools/gbdk/lib/gb/gb.lib
                                          [ get_data.o ]
C:\Users\Shawn\AppData\Local\Temp/_gbstools/gbdk/lib/gb/gb.lib
                                          [ get_tile.o ]
C:\Users\Shawn\AppData\Local\Temp/_gbstools/gbdk/lib/gb/gb.lib
                                          [ cgb_palettes.o ]
C:\Users\Shawn\AppData\Local\Temp/_gbstools/gbdk/lib/gb/gb.lib
                                          [ metasprites_hide_spr.o ]
C:\Users\Shawn\AppData\Local\Temp/_gbstools/gbdk/lib/sm83/sm83.lib
                                          [ mul.o ]
C:\Users\Shawn\AppData\Local\Temp/_gbstools/gbdk/lib/gb/gb.lib
                                          [ set_tile.o ]
C:\Users\Shawn\AppData\Local\Temp/_gbstools/gbdk/lib/sm83/sm83.lib
                                          [ div.o ]
C:\Users\Shawn\AppData\Local\Temp/_gbstools/gbdk/lib/sm83/sm83.lib
                                          [ abs.o ]
C:\Users\Shawn\AppData\Local\Temp/_gbstools/gbdk/lib/gb/gb.lib
                                          [ set_wi_t.o ]
C:\Users\Shawn\AppData\Local\Temp/_gbstools/gbdk/lib/gb/gb.lib
                                          [ set_data.o ]
C:\Users\Shawn\AppData\Local\Temp/_gbstools/gbdk/lib/sm83/sm83.lib
                                          [ reverse.o ]
C:\Users\Shawn\AppData\Local\Temp/_gbstools/gbdk/lib/gb/gb.lib
                                          [ far_ptr.o ]
C:\Users\Shawn\AppData\Local\Temp/_gbstools/gbdk/lib/gb/gb.lib
                                          [ sgb.o ]
C:\Users\Shawn\AppData\Local\Temp/_gbstools/gbdk/lib/gb/gb.lib
                                          [ lcd.o ]
C:\Users\Shawn\AppData\Local\Temp/_gbstools/gbdk/lib/gb/gb.lib
                                          [ fill_rect.o ]
C:\Users\Shawn\AppData\Local\Temp/_gbstools/gbdk/lib/gb/gb.lib
                                          [ cpy_data.o ]
C:\Users\Shawn\AppData\Local\Temp/_gbstools/gbdk/lib/gb/gb.lib
                                          [ fill_rect_bk.o ]
C:\Users\Shawn\AppData\Local\Temp/_gbstools/gbdk/lib/gb/gb.lib
                                          [ pad.o ]
C:\Users\Shawn\AppData\Local\Temp/_gbstools/gbdk/lib/gb/gb.lib
                                          [ metasprites.o ]
C:\Users\Shawn\AppData\Local\Temp/_gbstools/gbdk/lib/sm83/sm83.lib
                                          [ __sdcc_call_hl.o ]
C:\Users\Shawn\AppData\Local\Temp/_gbstools/gbdk/lib/sm83/sm83.lib
                                          [ memcpy.o ]
C:\Users\Shawn\AppData\Local\Temp/_gbstools/gbdk/lib/sm83/sm83.lib
                                          [ _memset.o ]
C:\Users\Shawn\AppData\Local\Temp/_gbstools/gbdk/lib/gb/gb.lib
                                          [ set_xy_t.o ]
C:\Users\Shawn\AppData\Local\Temp/_gbstools/gbdk/lib/gb/gb.lib
                                          [ ___sdcc_bcall_ehl.o ]
C:\Users\Shawn\AppData\Local\Temp/_gbstools/gbdk/lib/gb/gb.lib
                                          [ cgb.o ]
C:\Users\Shawn\AppData\Local\Temp/_gbstools/gbdk/lib/gb/gb.lib
                                          [ set_bk_t.o ]

ASxxxx Linker V03.00/V05.40 + sdld,  page 190.

User Base Address Definitions

_DATA=0xC0A0
_CODE=0x0200
ASxxxx Linker V03.00/V05.40 + sdld,  page 191.

User Global Definitions

.STACK=0xDF00
_shadow_OAM=0xC000
.refresh_OAM=0xFF80
__start_save=28

